../Core/Src/main.c:93:10:map	24	static
../Core/Src/main.c:99:5:isRxEmpty	16	static
../Core/Src/main.c:110:6:resetRx	16	static
../Core/Src/main.c:125:6:HAL_UART_RxCpltCallback	16	static
../Core/Src/main.c:144:6:HAL_TIM_PeriodElapsedCallback	16	static
../Core/Src/main.c:155:10:ADC_DMA_AVERAGE	24	static
../Core/Src/main.c:172:6:HAL_ADC_ConvCpltCallback	24	static
../Core/Src/main.c:182:6:Read_Message	8	static
../Core/Src/main.c:193:5:main	24	static
../Core/Src/main.c:247:6:SystemClock_Config	112	static
../Core/Src/main.c:295:13:MX_ADC_Init	24	static
../Core/Src/main.c:357:13:MX_TIM6_Init	16	static
../Core/Src/main.c:395:13:MX_USART1_UART_Init	8	static
../Core/Src/main.c:429:13:MX_DMA_Init	16	static
../Core/Src/main.c:447:13:MX_GPIO_Init	48	static
../Core/Src/main.c:476:6:Error_Handler	8	static,ignoring_inline_asm
